func_800F3C3C [MODERN] func_800F3C3C: best MODERN = 2460
func_800F3D48 [MODERN] func_800F3D48: best MODERN = 1400
func_800F40E8 [MODERN] func_800F40E8: best MODERN = 2500
func_800F4170 [MODERN] func_800F4170: best MODERN = 2400
func_800F5140 [MODERN] func_800F5140: best MODERN = 1460
func_800F516C [L295] func_800F516C: best None = 999999
func_800F5CCC [L295] func_800F5CCC: best None = 999999
func_800F5CF8 [MODERN] func_800F5CF8: best MODERN = 860
func_800F5D24 [MODERN] func_800F5D24: best MODERN = 980
func_800F5E1C [MODERN] func_800F5E1C: best MODERN = 860
func_800F5E48 [MODERN] func_800F5E48: best MODERN = 860
func_800F5E74 [MODERN] func_800F5E74: best MODERN = 860
func_800F5EA0 [MODERN] func_800F5EA0: best MODERN = 860
func_800F5EE8 [MODERN] func_800F5EE8: best MODERN = 2500
func_800F5F70 [MODERN] func_800F5F70: best MODERN = 2400
func_800F6104 [MODERN] func_800F6104: best MODERN = 1860
func_800F61E8 [MODERN] func_800F61E8: best MODERN = 860
func_800F6214 [L295] func_800F6214: best None = 999999
func_800F6338 [MODERN] func_800F6338: best MODERN = 860
func_800F6364 [MODERN] func_800F6364: best MODERN = 860
func_800F6390 [MODERN] func_800F6390: best MODERN = 860
func_800F63BC [MODERN] func_800F63BC: best MODERN = 860
func_800F6564 [MODERN] func_800F6564: best MODERN = 860
func_800F6630 [MODERN] func_800F6630: best MODERN = 860
func_800F6B38 [MODERN] func_800F6B38: best MODERN = 1660
func_800F6D40 [MODERN] func_800F6D40: best MODERN = 1660
func_800F6F28 [MODERN] func_800F6F28: best MODERN = 860
func_800F7430 [MODERN] func_800F7430: best MODERN = 1200
func_800F76BC [MODERN] func_800F76BC: best MODERN = 1100
func_800F7780 [MODERN] func_800F7780: best MODERN = 2320
func_800F7864 [MODERN] func_800F7864: best MODERN = 980
func_800F7894 [MODERN] func_800F7894: best MODERN = 980
func_800F7968 [MODERN] func_800F7968: best MODERN = 2400
func_800F7A40 [MODERN] func_800F7A40: best MODERN = 2460
func_800F7B40 [MODERN] func_800F7B40: best MODERN = 4060
func_800F7C6C [MODERN] func_800F7C6C: best MODERN = 2460
func_800F7C98 [MODERN] func_800F7C98: best MODERN = 2660
func_800F7CC8 [MODERN] func_800F7CC8: best MODERN = 1620
func_800F7DDC [MODERN] func_800F7DDC: best MODERN = 3840
func_800F7EE8 [MODERN] func_800F7EE8: best MODERN = 2720
func_800F7F18 [MODERN] func_800F7F18: best MODERN = 2200
func_800F916C [MODERN] func_800F916C: best MODERN = 2720
func_800F9200 [MODERN] func_800F9200: best MODERN = 1860
func_800F922C [MODERN] func_800F922C: best MODERN = 3460
func_800F926C [MODERN] func_800F926C: best MODERN = 1860
func_800F9298 [MODERN] func_800F9298: best MODERN = 3460
func_800F92D8 [MODERN] func_800F92D8: best MODERN = 1860
func_800F9304 [MODERN] func_800F9304: best MODERN = 1860
func_800F9330 [MODERN] func_800F9330: best MODERN = 3460
func_800F9370 [MODERN] func_800F9370: best MODERN = 1860
func_800F939C [MODERN] func_800F939C: best MODERN = 3460
func_800F93DC [MODERN] func_800F93DC: best MODERN = 2060
func_800F9410 [MODERN] func_800F9410: best MODERN = 2200
func_800F9538 [MODERN] func_800F9538: best MODERN = 2060
func_800F956C [MODERN] func_800F956C: best MODERN = 2060
func_800F95A0 [MODERN] func_800F95A0: best MODERN = 2200
func_800F95D8 [MODERN] func_800F95D8: best MODERN = 2060
func_800F960C [MODERN] func_800F960C: best MODERN = 2200
func_800FA460 [PSX]     registered (PSX)
func_800FA834 [PSX]     registered (PSX)
func_800FB09C [PSX]     registered (PSX)
func_800FB160 [PSX]     registered (PSX)
func_800FB224 [PSX]     registered (PSX)
func_800FB2E8 [PSX]     registered (PSX)
func_800FB3A0 [PSX]     registered (PSX)
func_800FB3F8 [PSX]     registered (PSX)
func_800FC07C [PSX] func_800FC07C: best None = 999999
func_800FC0DC [MODERN] func_800FC0DC: best MODERN = 1060
func_800FC548 [PSX]     registered (PSX)
func_800FC5A8 [PSX]     registered (PSX)
func_800FCAB8 [PSX]     registered (PSX)
func_800FD37C [PSX]     registered (PSX)
func_800FD6B8 [PSX] func_800FD6B8: best None = 999999
func_800FD6E8 [PSX] func_800FD6E8: best None = 999999
func_800FD804 [PSX] func_800FD804: best None = 999999
func_800FD914 [PSX]     registered (PSX)
func_800FD9FC [PSX]     registered (PSX)
func_800FDA4C [PSX]     registered (PSX)
func_800FDAFC [PSX]     registered (PSX)
func_800FDB5C [PSX]     registered (PSX)
func_800FE5D4 [PSX]     registered (PSX)
func_800FE778 [PSX]     registered (PSX)
func_800FE7B0 [PSX]     registered (PSX)
func_800FE978 [PSX]     registered (PSX)
func_800FEC74 [PSX]     registered (PSX)
func_800FF0AC [PSX]     registered (PSX)
func_800FF54C [PSX]     registered (PSX)
func_800FFADC [PSX]     registered (PSX)
func_800FFB1C [PSX] func_800FFB1C: best None = 999999
func_800FFB5C [PSX]     registered (PSX)
func_800FFCAC [PSX]     registered (PSX)
func_80102414 [PSX] func_80102414: best None = 999999
func_80102444 [PSX]     registered (PSX)
func_80102C30 [PSX]     registered (PSX)
func_80102E78 [PSX]     registered (PSX)
func_80102ED8 [PSX]     registered (PSX)
func_80102F38 [PSX]     registered (PSX)
func_801030F8 [PSX]     registered (PSX)
func_801033E0 [L295] func_801033E0: best None = 999999
func_80103AC8 [PSX]     registered (PSX)
func_80103B38 [PSX]     registered (PSX)
func_80103F00 [PSX]     registered (PSX)
func_80103F40 [PSX]     registered (PSX)
func_80103F94 [PSX]     registered (PSX)
func_80103FE8 [PSX]     registered (PSX)
func_80104DB4 [PSX] func_80104DB4: best None = 999999
func_801051A8 [PSX]     registered (PSX)
func_80105D2C [PSX]     registered (PSX)
func_801062E8 [PSX]     registered (PSX)
func_80106860 [PSX]     registered (PSX)
func_801068B0 [PSX]     registered (PSX)
func_80106908 [PSX]     registered (PSX)
func_80107F3C [PSX]     registered (PSX)
func_801094A0 [PSX]     registered (PSX)
func_801098C8 [PSX]     registered (PSX)
func_80109A28 [PSX]     registered (PSX)
func_80109B08 [PSX]     registered (PSX)
func_8010A204 [PSX]     registered (PSX)
func_8010D24C [PSX]     registered (PSX)
func_8010D458 [PSX]     registered (PSX)
func_8010D61C [PSX]     registered (PSX)
func_8010E050 [PSX]     registered (PSX)
func_8010E0A8 [PSX]     registered (PSX)
func_8010E0D0 [PSX] func_8010E0D0: best None = 999999
func_8010E100 [PSX]     registered (PSX)
func_8010E128 [PSX] func_8010E128: best None = 999999
func_8010E278 [PSX]     registered (PSX)
func_8010E2B8 [PSX]     registered (PSX)
func_8010E2F8 [PSX]     registered (PSX)
func_8010E338 [PSX]     registered (PSX)
func_8010F11C [PSX]     registered (PSX)
func_8010F144 [PSX]     registered (PSX)
func_8010F1D4 [PSX]     registered (PSX)
func_8010F484 [PSX]     registered (PSX)
func_8010FCA8 [PSX]     registered (PSX)
func_80110474 [PSX]     registered (PSX)
func_8011050C [PSX] func_8011050C: best None = 999999
func_8011053C [PSX]     registered (PSX)
func_801107A0 [PSX]     registered (PSX)
func_80110F2C [PSX]     registered (PSX)
func_80110FA4 [PSX]     registered (PSX)
func_80110FE4 [PSX]     registered (PSX)
func_8011102C [PSX]     registered (PSX)
func_8011107C [PSX]     registered (PSX)
func_801110CC [PSX]     registered (PSX)
func_80111134 [PSX] func_80111134: best None = 999999
func_8011117C [PSX]     registered (PSX)
func_80111ADC [PSX]     registered (PSX)
func_80111BBC [PSX]     registered (PSX)
func_80111EF4 [PSX]     registered (PSX)
func_80111F34 [PSX]     registered (PSX)
func_80111F94 [PSX]     registered (PSX)
func_8011356C [PSX]     registered (PSX)
func_80113644 [PSX] func_80113644: best None = 999999
func_8011368C [PSX]     registered (PSX)
func_80113C04 [PSX]     registered (PSX)
func_80113C54 [L295] func_80113C54: best None = 999999
func_80113DCC [PSX]     registered (PSX)
func_80113E04 [PSX]     registered (PSX)
func_801146F0 [PSX]     registered (PSX)
func_80114788 [PSX] func_80114788: best None = 999999
func_801147C0 [PSX]     registered (PSX)
func_80114AF0 [PSX]     registered (PSX)
func_80114BC0 [PSX]     registered (PSX)
func_80114C98 [PSX]     registered (PSX)
func_80114D18 [PSX]     registered (PSX)
func_80114FD0 [PSX]     registered (PSX)
func_80115038 [PSX] func_80115038: best None = 999999
func_8011511C [PSX]     registered (PSX)
func_801162F8 [PSX]     registered (PSX)
func_80116398 [PSX]     registered (PSX)
func_80117594 [PSX] func_80117594: best None = 999999
func_80117628 [PSX] func_80117628: best None = 999999
func_80117660 [PSX] func_80117660: best None = 999999
func_8011770C [PSX] func_8011770C: best None = 999999
func_80117754 [PSX] func_80117754: best None = 999999
func_80117F10 [PSX] func_80117F10: best None = 999999
func_80117F40 [PSX] func_80117F40: best None = 999999
func_80117F78 [PSX] func_80117F78: best None = 999999
func_801183B0 [PSX] func_801183B0: best None = 999999
func_80118A40 [L295] func_80118A40: best None = 999999
func_80118EC0 [PSX] func_80118EC0: best None = 999999
func_801191B0 [PSX] func_801191B0: best None = 999999
func_80119A98 [PSX]     registered (PSX)
func_80119C24 [PSX]     registered (PSX)
func_8011A204 [PSX]     registered (PSX)
func_8011AC64 [PSX] func_8011AC64: best None = 999999
func_8011AD14 [PSX] func_8011AD14: best None = 999999
func_8011AD5C [PSX] func_8011AD5C: best None = 999999
func_8011ADA4 [PSX] func_8011ADA4: best None = 999999
func_8011ADEC [PSX] func_8011ADEC: best None = 999999
func_8011AE1C [PSX] func_8011AE1C: best None = 999999
func_8011AE4C [PSX] func_8011AE4C: best None = 999999
func_8011AE7C [PSX] func_8011AE7C: best None = 999999
func_8011B448 [PSX]     registered (PSX)
func_8011C1F8 [PSX]     registered (PSX)
func_8011C27C [PSX]     registered (PSX)
func_8011D8E0 [PSX]     registered (PSX)
func_8011D9F0 [PSX]     registered (PSX)
func_8011E9EC [PSX]     registered (PSX)
func_8011EA14 [PSX]     registered (PSX)
func_8011EBBC [PSX]     registered (PSX)
func_8011EDA4 [PSX]     registered (PSX)
func_8011EDF4 [PSX]     registered (PSX)
func_8011EE34 [PSX]     registered (PSX)
func_8011F320 [PSX]     registered (PSX)
func_8011F6AC [PSX]     registered (PSX)
func_8011F6D4 [PSX]     registered (PSX)
func_8011F6FC [PSX]     registered (PSX)
func_8011F7D4 [PSX]     registered (PSX)
func_8011FB74 [PSX] func_8011FB74: best None = 999999
func_8011FF40 [PSX]     registered (PSX)
func_80120B6C [PSX]     registered (PSX)
func_80120CA4 [PSX]     registered (PSX)
func_80120E2C [PSX]     registered (PSX)
func_80120F1C [PSX]     registered (PSX)
func_80120F94 [PSX]     registered (PSX)
func_80120FBC [PSX]     registered (PSX)
func_8012102C [PSX]     registered (PSX)
func_801210AC [PSX]     registered (PSX)
func_801219EC [PSX]     registered (PSX)
func_80121A74 [PSX]     registered (PSX)
func_80121B04 [PSX]     registered (PSX)
func_80121B5C [PSX]     registered (PSX)
func_80121BE4 [PSX]     registered (PSX)
func_80121C0C [PSX]     registered (PSX)
func_80121CE4 [PSX]     registered (PSX)
func_80121D24 [PSX]     registered (PSX)
func_80121D64 [PSX]     registered (PSX)
func_80121E6C [PSX]     registered (PSX)
func_80121E94 [PSX]     registered (PSX)
func_80121F64 [PSX]     registered (PSX)
func_80121F8C [PSX]     registered (PSX)
func_80121FDC [PSX]     registered (PSX)
func_8012202C [PSX] func_8012202C: best None = 999999
func_801220A4 [PSX]     registered (PSX)
func_801220EC [PSX] func_801220EC: best None = 999999
func_80122114 [PSX] func_80122114: best None = 999999
func_8012216C [PSX] func_8012216C: best None = 999999
func_8012219C [PSX]     registered (PSX)
func_801221C4 [PSX] func_801221C4: best None = 999999
func_801221EC [PSX] func_801221EC: best None = 999999
func_8012224C [PSX] func_8012224C: best None = 999999
func_801224F8 [MODERN] func_801224F8: best MODERN = 860
func_80122518 [MODERN] func_80122518: best MODERN = 860
func_8012281C [PSX] func_8012281C: best None = 999999
func_80122934 [PSX] func_80122934: best None = 999999
func_80122964 [PSX] func_80122964: best None = 999999
func_80122994 [PSX] func_80122994: best None = 999999
func_801229C4 [PSX]     registered (PSX)
func_801229F4 [PSX]     registered (PSX)
func_80122A24 [PSX]     registered (PSX)
func_80122CF0 [PSX] func_80122CF0: best None = 999999
func_8012371C [PSX]     registered (PSX)
func_80123878 [PSX]     registered (PSX)
func_80123A70 [PSX]     registered (PSX)
func_80123B00 [PSX]     registered (PSX)
func_80123CB4 [PSX]     registered (PSX)
func_80123FB4 [PSX] func_80123FB4: best None = 999999
func_80123FEC [PSX] func_80123FEC: best None = 999999
func_801240D0 [PSX]     registered (PSX)
func_801240F8 [PSX] func_801240F8: best None = 999999
func_80124180 [PSX] func_80124180: best None = 999999
func_80124F28 [PSX]     registered (PSX)
func_80125100 [PSX] func_80125100: best None = 999999
func_801255C0 [PSX] func_801255C0: best None = 999999
func_801255E8 [PSX]     registered (PSX)
func_80125A64 [PSX]     registered (PSX)
func_80126330 [PSX] func_80126330: best None = 999999
func_80126368 [PSX] func_80126368: best None = 999999
func_801263C8 [PSX]     registered (PSX)
func_801263F0 [PSX] func_801263F0: best None = 999999
func_80126458 [PSX] func_80126458: best None = 999999
func_801264C0 [PSX]     registered (PSX)
func_80126528 [PSX] func_80126528: best None = 999999
func_801266A0 [PSX]     registered (PSX)
func_801266C8 [PSX]     registered (PSX)
func_801267A0 [PSX]     registered (PSX)
func_801267E8 [PSX]     registered (PSX)
func_80126B88 [PSX]     registered (PSX)
func_8012807C [PSX]     registered (PSX)
func_8012821C [PSX] func_8012821C: best None = 999999
func_80128264 [PSX]     registered (PSX)
func_80128750 [PSX]     registered (PSX)
func_80128AD4 [PSX]     registered (PSX)
func_80128C4C [PSX]     registered (PSX)
func_80129808 [PSX] func_80129808: best None = 999999
func_80129AAC [PSX] func_80129AAC: best None = 999999
func_80129C54 [L295] func_80129C54: best None = 999999
func_80129D2C [PSX]     registered (PSX)
func_80129D64 [PSX]     registered (PSX)
func_80129DFC [PSX]     registered (PSX)
func_80129EF4 [PSX]     registered (PSX)
func_8012A868 [PSX]     registered (PSX)
func_8012AA80 [PSX]     registered (PSX)
func_8012B0B0 [PSX]     registered (PSX)
func_8012B0D8 [PSX]     registered (PSX)
func_8012B100 [PSX]     registered (PSX)
func_8012B168 [PSX]     registered (PSX)
func_8012BAF8 [PSX]     registered (PSX)
func_8012C4F8 [PSX]     registered (PSX)
func_8012C74C [PSX]     registered (PSX)
func_8012C794 [PSX]     registered (PSX)
func_8012C7E4 [PSX]     registered (PSX)
func_8012C82C [PSX]     registered (PSX)
func_8012CC4C [PSX]     registered (PSX)
func_8012D194 [PSX]     registered (PSX)
func_8012D1D0 [PSX]     registered (PSX)
func_8012D204 [PSX]     registered (PSX)
func_8012DB6C [PSX]     registered (PSX)
func_8012DC80 [PSX]     registered (PSX)
func_8012DD30 [PSX]     registered (PSX)
func_8012E264 [PSX]     registered (PSX)
func_8012E700 [PSX]     registered (PSX)
func_8012E7CC [PSX]     registered (PSX)
func_8012F9A0 [PSX] func_8012F9A0: best None = 999999
func_80130884 [PSX] func_80130884: best None = 999999
func_80130A24 [PSX]     registered (PSX)
func_80130A74 [PSX]     registered (PSX)
func_80131294 [PSX] func_80131294: best None = 999999
func_801316AC [PSX]     registered (PSX)
func_80131B38 [PSX]     registered (PSX)
func_80131B80 [PSX]     registered (PSX)
func_80131BF8 [PSX]     registered (PSX)
func_80131DF8 [PSX]     registered (PSX)
func_80131E50 [PSX]     registered (PSX)
func_80131F08 [PSX]     registered (PSX)
func_80131F38 [PSX]     registered (PSX)
func_80131F68 [PSX]     registered (PSX)
func_801320E8 [PSX]     registered (PSX)
func_801321B4 [PSX]     registered (PSX)
func_80132490 [PSX]     registered (PSX)
func_80132CA4 [PSX]     registered (PSX)
func_80134A50 [PSX]     registered (PSX)
func_80134AB0 [PSX]     registered (PSX)
func_801352F0 [PSX]     registered (PSX)
func_8013554C [PSX] func_8013554C: best None = 999999
func_801378E0 [L295] func_801378E0: best None = 999999
func_80138620 [MODERN] func_80138620: best MODERN = 2000
func_80138A34 [PSX] func_80138A34: best None = 999999
func_801399EC [PSX]     registered (PSX)
func_80139AA4 [PSX]     registered (PSX)
func_80139AFC [PSX]     registered (PSX)
func_80139C0C [PSX]     registered (PSX)
func_8013AAA8 [PSX] func_8013AAA8: best None = 999999
func_8013AAF0 [PSX]     registered (PSX)
func_8013B118 [L295] func_8013B118: best None = 999999
func_8013B764 [MODERN] func_8013B764: best MODERN = 2400
func_8013B7C0 [PSX]     registered (PSX)
func_8013B804 [PSX]     registered (PSX)
func_8013B840 [PSX]     registered (PSX)
func_8013B88C [PSX]     registered (PSX)
func_8013B8D4 [PSX]     registered (PSX)
func_8013B92C [PSX]     registered (PSX)
func_8013C44C [L295] func_8013C44C: best None = 999999
func_8013C4B4 [PSX] func_8013C4B4: best None = 999999
func_8013D598 [PSX]     registered (PSX)
func_8013D690 [PSX]     registered (PSX)
func_8013EF98 [PSX]     registered (PSX)
func_8014071C [PSX]     registered (PSX)
func_801407EC [PSX] func_801407EC: best None = 999999
func_8014086C [PSX] func_8014086C: best None = 999999
func_80140894 [PSX] func_80140894: best None = 999999
func_801408BC [PSX] func_801408BC: best None = 999999
func_801408E4 [PSX]     registered (PSX)
func_80140944 [PSX] func_80140944: best None = 999999
func_8014096C [PSX]     registered (PSX)
func_80140994 [PSX] func_80140994: best None = 999999
func_801409BC [PSX]     registered (PSX)
func_801409E4 [PSX]     registered (PSX)
func_80140A0C [PSX]     registered (PSX)
func_80140E78 [PSX]     registered (PSX)
func_80140EA8 [PSX]     registered (PSX)
func_80140EE0 [PSX]     registered (PSX)
func_80140FB8 [PSX]     registered (PSX)
func_80141240 [PSX]     registered (PSX)
func_80141F54 [PSX]     registered (PSX)
func_80141F84 [PSX] func_80141F84: best None = 999999
func_80141FC4 [PSX] func_80141FC4: best None = 999999
func_80141FEC [PSX]     registered (PSX)
func_8014202C [PSX]     registered (PSX)
func_80143628 [PSX] func_80143628: best None = 999999
func_80143D14 [PSX]     registered (PSX)
func_80143D64 [PSX]     registered (PSX)
func_801444D4 [PSX]     registered (PSX)
func_801449A0 [PSX]     registered (PSX)
func_80145AA0 [MODERN] func_80145AA0: best MODERN = 2400
func_80148BE0 [PSX]     registered (PSX)
func_80148E08 [PSX]     registered (PSX)
func_80148E80 [PSX]     registered (PSX)
func_80148F60 [PSX]     registered (PSX)
func_8014A810 [PSX]     registered (PSX)
func_8014A860 [PSX]     registered (PSX)
func_8014A8B8 [PSX]     registered (PSX)
func_8014A8E8 [PSX]     registered (PSX)
func_8014A920 [PSX]     registered (PSX)
func_8014A950 [PSX] func_8014A950: best None = 999999
func_8014A980 [PSX]     registered (PSX)
func_8014A9B0 [PSX]     registered (PSX)
func_8014AA30 [PSX]     registered (PSX)
func_8014AA68 [PSX]     registered (PSX)
func_8014AB90 [PSX]     registered (PSX)
func_8014AD44 [PSX]     registered (PSX)
func_8014ADD4 [PSX]     registered (PSX)
func_8014AE1C [L295] func_8014AE1C: best None = 999999
func_8014AF3C [PSX]     registered (PSX)
func_8014B0D8 [PSX]     registered (PSX)
func_8014B1A8 [PSX]     registered (PSX)
func_8014B1D0 [PSX]     registered (PSX)
func_8014B294 [PSX]     registered (PSX)
func_8014B334 [PSX]     registered (PSX)
func_8014B36C [PSX]     registered (PSX)
func_8014B42C [PSX] func_8014B42C: best None = 999999
func_8014B5F8 [PSX] func_8014B5F8: best None = 999999
func_8014B620 [PSX]     registered (PSX)
func_8014B648 [PSX]     registered (PSX)
func_8014B698 [PSX]     registered (PSX)
func_8014B6C0 [PSX] func_8014B6C0: best None = 999999
func_8014B804 [PSX] func_8014B804: best None = 999999
func_8014B82C [PSX] func_8014B82C: best None = 999999
func_8014B854 [PSX]     registered (PSX)
func_8014B884 [PSX] func_8014B884: best None = 999999
func_8014B8AC [PSX]     registered (PSX)
func_8014B914 [PSX]     registered (PSX)
func_8014B93C [PSX]     registered (PSX)
func_8014B964 [PSX]     registered (PSX)
func_8014B98C [PSX]     registered (PSX)
func_8014B9B4 [PSX]     registered (PSX)
func_8014B9FC [PSX]     registered (PSX)
func_8014BB0C [PSX]     registered (PSX)
func_8014BB3C [PSX]     registered (PSX)
func_8014BB6C [PSX]     registered (PSX)
func_8014C114 [PSX]     registered (PSX)
func_8014C96C [PSX]     registered (PSX)
func_8014C994 [PSX]     registered (PSX)
func_8014D31C [PSX]     registered (PSX)
func_8014D394 [PSX]     registered (PSX)
func_8014D414 [PSX]     registered (PSX)
func_8014D4D4 [PSX]     registered (PSX)
func_8014D500 [PSX]     registered (PSX)
func_8014D568 [PSX]     registered (PSX)
func_8014D748 [PSX]     registered (PSX)
func_8014E38C [PSX]     registered (PSX)
func_8014E75C [PSX]     registered (PSX)
func_8014E984 [PSX] func_8014E984: best None = 999999
func_80150400 [PSX] func_80150400: best None = 999999
func_80151CD8 [PSX]     registered (PSX)
func_80152EAC [PSX]     registered (PSX)
func_801530E0 [PSX]     registered (PSX)
func_8015316C [PSX]     registered (PSX)
func_80153374 [PSX] func_80153374: best None = 999999
func_801533BC [PSX]     registered (PSX)
func_801534D8 [PSX]     registered (PSX)
func_8015A30C [PSX]     registered (PSX)
func_8015A344 [PSX]     registered (PSX)
func_8015A524 [PSX]     registered (PSX)
func_8015A614 [PSX]     registered (PSX)
func_8015A670 [PSX]     registered (PSX)
func_8015AA6C [PSX]     registered (PSX)
func_8015C54C [PSX]     registered (PSX)
func_8015CEA0 [PSX]     registered (PSX)
func_8015D3E8 [PSX]     registered (PSX)
func_8015E66C [PSX]     registered (PSX)
func_8015E6A4 [PSX]     registered (PSX)
func_8015EAB0 [PSX] func_8015EAB0: best None = 999999
func_8015F7B0 [PSX] func_8015F7B0: best None = 999999
func_8015F940 [PSX] func_8015F940: best None = 999999
func_8015FA20 [PSX] func_8015FA20: best None = 999999
func_8015FAF8 [PSX] func_8015FAF8: best None = 999999
func_8015FB48 [PSX] func_8015FB48: best None = 999999
func_80161900 [PSX]     registered (PSX)
func_80161C48 [PSX] func_80161C48: best None = 999999
func_801623F8 [PSX]     registered (PSX)
func_80162468 [PSX] func_80162468: best None = 999999
func_80162558 [PSX] func_80162558: best None = 999999
func_801625A8 [PSX]     registered (PSX)
func_80167604 [PSX] func_80167604: best None = 999999
func_8016762C [PSX]     registered (PSX)
func_80167DD4 [PSX]     registered (PSX)
func_80168118 [PSX]     registered (PSX)
func_80168400 [PSX] func_80168400: best None = 999999
func_80168474 [PSX] func_80168474: best None = 999999
func_801691F0 [PSX] func_801691F0: best None = 999999
func_8016A080 [PSX]     registered (PSX)
func_8016AA54 [PSX]     registered (PSX)
func_8016B470 [PSX]     registered (PSX)
func_8016B5B0 [PSX]     registered (PSX)
func_8016B650 [L295] func_8016B650: best None = 999999
func_8016BAAC [PSX]     registered (PSX)
func_8016BB44 [PSX]     registered (PSX)
func_8016BB84 [PSX]     registered (PSX)
func_8016BBCC [PSX]     registered (PSX)
func_8016BFE8 [L295] func_8016BFE8: best None = 999999
func_8016C0A8 [PSX]     registered (PSX)
func_8016C6FC [PSX]     registered (PSX)
func_8016C734 [PSX]     registered (PSX)
func_8016D730 [PSX]     registered (PSX)
func_8016D768 [PSX]     registered (PSX)
func_8016D850 [PSX]     registered (PSX)
func_8016E500 [PSX] func_8016E500: best None = 999999
func_80170084 [PSX]     registered (PSX)
func_801702DC [PSX]     registered (PSX)
func_801703E8 [PSX]     registered (PSX)
func_80170884 [PSX]     registered (PSX)
func_8017091C [PSX]     registered (PSX)
func_801743E0 [L295] func_801743E0: best None = 999999
func_8017477C [L295] func_8017477C: best None = 999999
func_80175D90 [PSX]     registered (PSX)
func_80175E08 [PSX]     registered (PSX)
func_801766B0 [PSX]     registered (PSX)
func_80176748 [PSX]     registered (PSX)
func_80176B6C [PSX]     registered (PSX)
func_80176BFC [PSX]     registered (PSX)
func_80176E98 [PSX]     registered (PSX)
func_80176F60 [PSX]     registered (PSX)
func_801771AC [PSX]     registered (PSX)
func_80177224 [PSX] func_80177224: best None = 999999
func_80177284 [PSX] func_80177284: best None = 999999
func_80179500 [L295] func_80179500: best None = 999999
func_80188EA8 [PSX]     registered (PSX)
func_8018AC40 [MODERN] func_8018AC40: best MODERN = 1860
func_8018AC68 [MODERN] func_8018AC68: best MODERN = 1860
func_8018AD28 [MODERN] func_8018AD28: best MODERN = 800
func_8018CA18 [MODERN] func_8018CA18: best MODERN = 1960
func_8018F168 [PSX]     registered (PSX)
func_8018F1F8 [MODERN] func_8018F1F8: best MODERN = 660
func_8018F240 [PSX]     registered (PSX)
func_8018F478 [MODERN] func_8018F478: best MODERN = 1600
func_801917D8 [MODERN] func_801917D8: best MODERN = 1000
func_80191838 [MODERN] func_80191838: best MODERN = 600
func_80191858 [MODERN] func_80191858: best MODERN = 600
func_801928A8 [MODERN] func_801928A8: best MODERN = 600
func_80192C74 [MODERN] func_80192C74: best MODERN = 860
func_80195798 [MODERN] func_80195798: best MODERN = 860
func_80196018 [MODERN] func_80196018: best MODERN = 260
func_80196074 [MODERN] func_80196074: best MODERN = 2000
func_801960BC [MODERN] func_801960BC: best MODERN = 1660
func_80196F18 [MODERN] func_80196F18: best MODERN = 600
func_80197168 [MODERN] func_80197168: best MODERN = 1600
func_801971A8 [MODERN] func_801971A8: best MODERN = 1660
func_801971E8 [PSX]     registered (PSX)
func_80197208 [L295] func_80197208: best None = 999999
func_80197248 [L295] func_80197248: best None = 999999
func_80197288 [PSX]     registered (PSX)
func_80197708 [MODERN] func_80197708: best MODERN = 400
func_801977A8 [PSX]     registered (PSX)
func_80197A78 [MODERN] func_80197A78: best MODERN = 400
func_80197BB4 [PSX]     registered (PSX)
func_80197DF8 [MODERN] func_80197DF8: best MODERN = 925
func_80198600 [MODERN] func_80198600: best MODERN = 1520
DRIVE DONE matched_new=0 failed=550
