func_800F4280 [MODERN] func_800F4280: best MODERN = 1885
func_800F42B0 [MODERN] func_800F42B0: best MODERN = 2365
func_800F4370 [MODERN] func_800F4370: best MODERN = 2025
func_800F43A0 [MODERN] func_800F43A0: best MODERN = 2505
func_800F43E8 [MODERN] func_800F43E8: best MODERN = 2010
func_800F442C [MODERN] func_800F442C: best MODERN = 2010
func_800F4470 [MODERN] func_800F4470: best MODERN = 3070
func_800F44CC [MODERN] func_800F44CC: best MODERN = 3070
func_800F4528 [MODERN] func_800F4528: best MODERN = 2465
func_800F4578 [MODERN] func_800F4578: best MODERN = 2465
func_800F45C8 [MODERN] func_800F45C8: best MODERN = 3070
func_800F4630 [MODERN] func_800F4630: best MODERN = 3070
func_800F4698 [MODERN] func_800F4698: best MODERN = 2130
func_800F46E8 [MODERN] func_800F46E8: best MODERN = 2130
func_800F4738 [MODERN] func_800F4738: best MODERN = 2865
func_800F47A0 [MODERN] func_800F47A0: best MODERN = 2865
func_800F4808 [MODERN] func_800F4808: best MODERN = 2165
func_800F4844 [MODERN] func_800F4844: best MODERN = 2165
func_800F4880 [MODERN] func_800F4880: best MODERN = 2705
func_800F48D4 [MODERN] func_800F48D4: best MODERN = 2705
func_800F4A38 [MODERN] func_800F4A38: best MODERN = 1965
func_800F4A7C [MODERN] func_800F4A7C: best MODERN = 1965
func_800F4AC0 [MODERN] func_800F4AC0: best MODERN = 3025
func_800F4B1C [MODERN] func_800F4B1C: best MODERN = 3025
func_800F4C88 [MODERN] func_800F4C88: best MODERN = 1930
func_800F4CC0 [MODERN] func_800F4CC0: best MODERN = 2870
func_800F4DA0 [MODERN] func_800F4DA0: best MODERN = 1885
func_800F4DD0 [MODERN] func_800F4DD0: best MODERN = 2365
func_800F4E18 [MODERN] func_800F4E18: best MODERN = 2025
func_800F4E50 [MODERN] func_800F4E50: best MODERN = 2025
func_800F4E88 [MODERN] func_800F4E88: best MODERN = 2825
func_800F4ED8 [MODERN] func_800F4ED8: best MODERN = 2825
func_800F5D58 [MODERN] func_800F5D58: best MODERN = 5465
func_800F5DA0 [MODERN] func_800F5DA0: best MODERN = 3665
func_800F5DD4 [MODERN] func_800F5DD4: best MODERN = 6135
func_800F6240 [MODERN] func_800F6240: best MODERN = 2605
func_800F6274 [MODERN] func_800F6274: best MODERN = 5465
func_800F62BC [MODERN] func_800F62BC: best MODERN = 3665
func_800F62F0 [MODERN] func_800F62F0: best MODERN = 6135
func_800F6658 [MODERN] func_800F6658: best MODERN = 3505
func_800F6698 [MODERN] func_800F6698: best MODERN = 2060
func_800F66D8 [MODERN] func_800F66D8: best MODERN = 2060
func_800F6718 [MODERN] func_800F6718: best MODERN = 4265
func_800F6764 [MODERN] func_800F6764: best MODERN = 4265
func_800F67B0 [MODERN] func_800F67B0: best MODERN = 2120
func_800F67FC [MODERN] func_800F67FC: best MODERN = 2120
func_800F6848 [MODERN] func_800F6848: best MODERN = 4730
func_800F68A0 [MODERN] func_800F68A0: best MODERN = 4730
func_800F68F8 [MODERN] func_800F68F8: best MODERN = 2110
func_800F6940 [MODERN] func_800F6940: best MODERN = 2110
func_800F6A40 [MODERN] func_800F6A40: best MODERN = 2000
func_800F6A78 [MODERN] func_800F6A78: best MODERN = 2000
func_800F6AB0 [MODERN] func_800F6AB0: best MODERN = 4360
func_800F6AF4 [MODERN] func_800F6AF4: best MODERN = 4360
func_800F6C28 [MODERN] func_800F6C28: best MODERN = 2120
func_800F6C68 [MODERN] func_800F6C68: best MODERN = 2120
func_800F6CA8 [MODERN] func_800F6CA8: best MODERN = 3700
func_800F6CF4 [MODERN] func_800F6CF4: best MODERN = 3700
func_800F6E30 [MODERN] func_800F6E30: best MODERN = 1400
func_800F6E60 [MODERN] func_800F6E60: best MODERN = 3665
func_800F6F8C [MODERN] func_800F6F8C: best MODERN = 1400
func_800F6FBC [MODERN] func_800F6FBC: best MODERN = 1400
func_800F71E8 [MODERN] func_800F71E8: best MODERN = 1260
func_800F7210 [MODERN] func_800F7210: best MODERN = 2100
func_800F7248 [MODERN] func_800F7248: best MODERN = 1260
func_800F7270 [MODERN] func_800F7270: best MODERN = 2900
func_800F72A8 [MODERN] func_800F72A8: best MODERN = 2000
func_800F72E0 [MODERN] func_800F72E0: best MODERN = 3900
func_800F750C [MODERN] func_800F750C: best MODERN = 1260
func_800F7534 [MODERN] func_800F7534: best MODERN = 2100
func_800F756C [MODERN] func_800F756C: best MODERN = 1260
func_800F7594 [MODERN] func_800F7594: best MODERN = 2900
func_800F75CC [MODERN] func_800F75CC: best MODERN = 2000
func_800F7604 [MODERN] func_800F7604: best MODERN = 3900
func_800F8188 [MODERN] func_800F8188: best MODERN = 800
func_800F824C [MODERN] func_800F824C: best MODERN = 800
func_800F8274 [MODERN] func_800F8274: best MODERN = 3300
func_800F82B0 [MODERN] func_800F82B0: best MODERN = 2000
func_800F82EC [MODERN] func_800F82EC: best MODERN = 2000
func_800F8328 [MODERN] func_800F8328: best MODERN = 4260
func_800F8378 [MODERN] func_800F8378: best MODERN = 4260
func_800F83C8 [MODERN] func_800F83C8: best MODERN = 2060
func_800F8410 [MODERN] func_800F8410: best MODERN = 2060
func_800F8508 [MODERN] func_800F8508: best MODERN = 1410
func_800F8550 [MODERN] func_800F8550: best MODERN = 1410
func_800F8640 [MODERN] func_800F8640: best MODERN = 2000
func_800F8674 [MODERN] func_800F8674: best MODERN = 2000
func_800F86A8 [MODERN] func_800F86A8: best MODERN = 3900
func_800F86F0 [MODERN] func_800F86F0: best MODERN = 3900
func_800F8820 [MODERN] func_800F8820: best MODERN = 2060
func_800F885C [MODERN] func_800F885C: best MODERN = 2060
func_800F8A18 [MODERN] func_800F8A18: best MODERN = 800
func_800F8A48 [MODERN] func_800F8A48: best MODERN = 3525
func_800F8B08 [MODERN] func_800F8B08: best MODERN = 800
func_800F8B68 [MODERN] func_800F8B68: best MODERN = 1200
func_800F8B98 [MODERN] func_800F8B98: best MODERN = 1200
func_800F8CD4 [MODERN] func_800F8CD4: best MODERN = 1460
func_800F8D00 [MODERN] func_800F8D00: best MODERN = 2565
func_800F8D40 [MODERN] func_800F8D40: best MODERN = 1460
func_800F8D6C [MODERN] func_800F8D6C: best MODERN = 3165
func_800F8DAC [MODERN] func_800F8DAC: best MODERN = 2460
func_800F8DE0 [MODERN] func_800F8DE0: best MODERN = 4560
func_800F8E24 [MODERN] func_800F8E24: best MODERN = 1460
func_800F8E50 [MODERN] func_800F8E50: best MODERN = 2565
func_800F8E90 [MODERN] func_800F8E90: best MODERN = 1460
func_800F8EBC [MODERN] func_800F8EBC: best MODERN = 3165
func_800F8EFC [MODERN] func_800F8EFC: best MODERN = 2460
func_800F8F30 [MODERN] func_800F8F30: best MODERN = 4560
func_800F8F74 [MODERN] func_800F8F74: best MODERN = 900
func_800F8FB8 [MODERN] func_800F8FB8: best MODERN = 900
func_800F8FD8 [MODERN] func_800F8FD8: best MODERN = 1300
func_800F8FFC [MODERN] func_800F8FFC: best MODERN = 1300
func_800F902C [MODERN] func_800F902C: best MODERN = 1300
func_800F905C [MODERN] func_800F905C: best MODERN = 1700
func_800F9090 [MODERN] func_800F9090: best MODERN = 1700
func_800F91A4 [MODERN] func_800F91A4: best MODERN = 5260
func_801111C4 [MODERN] func_801111C4: best MODERN = 4200
func_80122844 [MODERN] func_80122844: best MODERN = 3310
func_801228B4 [MODERN] func_801228B4: best MODERN = 2110
func_80129AD4 [MODERN] func_80129AD4: best MODERN = 910
func_8012AAC0 [MODERN] func_8012AAC0: best MODERN = 2605
func_8012C2F8 [MODERN] func_8012C2F8: best MODERN = 3210
func_8012CEA8 [MODERN] func_8012CEA8: best MODERN = 3600
func_8012D124 [MODERN] func_8012D124: best MODERN = 3600
func_8012EBF8 [MODERN] func_8012EBF8: best MODERN = 2110
func_80132310 [MODERN] func_80132310: best MODERN = 3490
func_80134FBC [MODERN] func_80134FBC: best MODERN = 1405
func_80135298 [MODERN] func_80135298: best MODERN = 2605
func_80139184 [MODERN] func_80139184: best MODERN = 2170
func_80139A24 [MODERN] func_80139A24: best MODERN = 3910
func_8013B04C [MODERN] func_8013B04C: best MODERN = 4005
func_8013B0C4 [MODERN] func_8013B0C4: best MODERN = 2600
func_8013C50C [MODERN] func_8013C50C: best MODERN = 2005
func_8013CB94 [MODERN] func_8013CB94: best MODERN = 2510
func_80146954 [MODERN] func_80146954: best MODERN = 1300
func_8015310C [MODERN] func_8015310C: best MODERN = 2500
func_801531CC [MODERN] func_801531CC: best MODERN = 2170
func_80153218 [MODERN] func_80153218: best MODERN = 2170
func_8016BF64 [MODERN] func_8016BF64: best MODERN = 8770
func_80179248 [MODERN] func_80179248: best MODERN = 3600
func_801794A8 [MODERN] func_801794A8: best MODERN = 3100
func_801798F0 [MODERN] func_801798F0: best MODERN = 1510
func_8017F9A8 [MODERN] func_8017F9A8: best MODERN = 2500
func_80189750 [MODERN] func_80189750: best MODERN = 1900
func_80189F6C [MODERN] func_80189F6C: best MODERN = 800
func_8018ACF8 [MODERN] func_8018ACF8: best MODERN = 800
func_8018DFA0 [MODERN] func_8018DFA0: best MODERN = 800
func_8018DFC4 [MODERN] func_8018DFC4: best MODERN = 800
func_8018DFE8 [MODERN] func_8018DFE8: best MODERN = 800
func_8018E488 [MODERN] func_8018E488: best MODERN = 800
func_8018E4B8 [MODERN] func_8018E4B8: best MODERN = 800
func_8018F688 [MODERN] func_8018F688: best MODERN = 4660
func_80190F50 [MODERN] func_80190F50: best MODERN = 3600
func_80191C38 [MODERN] func_80191C38: best MODERN = 900
func_80192858 [MODERN] func_80192858: best MODERN = 800
func_801951A0 [MODERN] func_801951A0: best MODERN = 1700
func_80196898 [MODERN] func_80196898: best MODERN = 1700
func_80196EC8 [MODERN] func_80196EC8: best MODERN = 800
func_80197E30 [MODERN] func_80197E30: best MODERN = 1900
--- retry 159 failures on ALL lanes ---
func_800F4280 [ALL] func_800F4280: best MODERN = 1885
func_800F42B0 [ALL] func_800F42B0: best MODERN = 2365
func_800F4370 [ALL] func_800F4370: best MODERN = 2025
func_800F43A0 [ALL] func_800F43A0: best MODERN = 2505
func_800F43E8 [ALL] func_800F43E8: best L295 = 1870
func_800F442C [ALL] func_800F442C: best L295 = 1870
func_800F4470 [ALL] func_800F4470: best L295 = 2925
func_800F44CC [ALL] func_800F44CC: best L295 = 2925
func_800F4528 [ALL] func_800F4528: best MODERN = 2465
func_800F4578 [ALL] func_800F4578: best MODERN = 2465
func_800F45C8 [ALL] func_800F45C8: best L295 = 2730
func_800F4630 [ALL] func_800F4630: best L295 = 2730
func_800F4698 [ALL] func_800F4698: best L295 = 1990
func_800F46E8 [ALL] func_800F46E8: best L295 = 1990
func_800F4738 [ALL] func_800F4738: best PSX = 2805
func_800F47A0 [ALL] func_800F47A0: best PSX = 2805
func_800F4808 [ALL] func_800F4808: best L295 = 2025
func_800F4844 [ALL] func_800F4844: best L295 = 2025
func_800F4880 [ALL] func_800F4880: best L295 = 2485
func_800F48D4 [ALL] func_800F48D4: best L295 = 2485
func_800F4A38 [ALL] func_800F4A38: best L295 = 1625
func_800F4A7C [ALL] func_800F4A7C: best L295 = 1625
func_800F4AC0 [ALL] func_800F4AC0: best L295 = 2880
func_800F4B1C [ALL] func_800F4B1C: best L295 = 2880
func_800F4C88 [ALL] func_800F4C88: best MODERN = 1930
func_800F4CC0 [ALL] func_800F4CC0: best MODERN = 2870
func_800F4DA0 [ALL] func_800F4DA0: best MODERN = 1885
func_800F4DD0 [ALL] func_800F4DD0: best MODERN = 2365
func_800F4E18 [ALL] func_800F4E18: best L295 = 1485
func_800F4E50 [ALL] func_800F4E50: best L295 = 1485
func_800F4E88 [ALL] func_800F4E88: best MODERN = 2825
func_800F4ED8 [ALL] func_800F4ED8: best MODERN = 2825
func_800F5D58 [ALL] func_800F5D58: best L295 = 4055
func_800F5DA0 [ALL] func_800F5DA0: best L295 = 3120
func_800F5DD4 [ALL] func_800F5DD4: best L295 = 4925
func_800F6240 [ALL] func_800F6240: best L295 = 2005
func_800F6274 [ALL] func_800F6274: best L295 = 4055
func_800F62BC [ALL] func_800F62BC: best L295 = 3060
func_800F62F0 [ALL] func_800F62F0: best L295 = 4925
func_800F6658 [ALL] func_800F6658: best PSX = 2365
func_800F6698 [ALL] func_800F6698: best MODERN = 2060
func_800F66D8 [ALL] func_800F66D8: best MODERN = 2060
func_800F6718 [ALL] func_800F6718: best L295 = 4060
func_800F6764 [ALL] func_800F6764: best L295 = 4060
func_800F67B0 [ALL] func_800F67B0: best MODERN = 2120
func_800F67FC [ALL] func_800F67FC: best MODERN = 2120
func_800F6848 [ALL] func_800F6848: best L295 = 4330
func_800F68A0 [ALL] func_800F68A0: best L295 = 4330
func_800F68F8 [ALL] func_800F68F8: best L295 = 1365
func_800F6940 [ALL] func_800F6940: best L295 = 1365
func_800F6A40 [ALL] func_800F6A40: best MODERN = 2000
func_800F6A78 [ALL] func_800F6A78: best MODERN = 2000
func_800F6AB0 [ALL] func_800F6AB0: best L295 = 4020
func_800F6AF4 [ALL] func_800F6AF4: best L295 = 4020
func_800F6C28 [ALL] func_800F6C28: best L295 = 1980
func_800F6C68 [ALL] func_800F6C68: best L295 = 1980
func_800F6CA8 [ALL] func_800F6CA8: best PSX = 3220
func_800F6CF4 [ALL] func_800F6CF4: best PSX = 3220
func_800F6E30 [ALL] func_800F6E30: best PSX = 1000
func_800F6E60 [ALL] func_800F6E60: best PSX = 2465
func_800F6F8C [ALL] func_800F6F8C: best PSX = 1000
func_800F6FBC [ALL] func_800F6FBC: best PSX = 1000
func_800F71E8 [ALL] func_800F71E8: best L295 = 200
func_800F7210 [ALL] func_800F7210: best L295 = 1020
func_800F7248 [ALL] func_800F7248: best L295 = 200
func_800F7270 [ALL] func_800F7270: best L295 = 2080
func_800F72A8 [ALL] func_800F72A8: best MODERN = 2000
func_800F72E0 [ALL] func_800F72E0: best L295 = 2685
func_800F750C [ALL] func_800F750C: best L295 = 200
func_800F7534 [ALL] func_800F7534: best L295 = 1020
func_800F756C [ALL] func_800F756C: best L295 = 200
func_800F7594 [ALL] func_800F7594: best L295 = 2080
func_800F75CC [ALL] func_800F75CC: best MODERN = 2000
func_800F7604 [ALL] func_800F7604: best L295 = 2685
func_800F8188 [ALL] func_800F8188: best L295 = 600
func_800F824C [ALL] func_800F824C: best L295 = 600
func_800F8274 [ALL] func_800F8274: best L295 = 2160
func_800F82B0 [ALL] func_800F82B0: best MODERN = 2000
func_800F82EC [ALL] func_800F82EC: best MODERN = 2000
func_800F8328 [ALL] func_800F8328: best L295 = 3720
func_800F8378 [ALL] func_800F8378: best L295 = 3720
func_800F83C8 [ALL] func_800F83C8: best MODERN = 2060
func_800F8410 [ALL] func_800F8410: best MODERN = 2060
func_800F8508 [ALL] func_800F8508: best L295 = 1285
func_800F8550 [ALL] func_800F8550: best L295 = 1285
func_800F8640 [ALL] func_800F8640: best MODERN = 2000
func_800F8674 [ALL] func_800F8674: best MODERN = 2000
func_800F86A8 [ALL] func_800F86A8: best L295 = 3280
func_800F86F0 [ALL] func_800F86F0: best L295 = 3280
func_800F8820 [ALL] func_800F8820: best L295 = 2000
func_800F885C [ALL] func_800F885C: best L295 = 2000
func_800F8A18 [ALL] func_800F8A18: best L295 = 600
func_800F8A48 [ALL] func_800F8A48: best L295 = 2320
func_800F8B08 [ALL] func_800F8B08: best L295 = 600
func_800F8B68 [ALL] func_800F8B68: best L295 = 600
func_800F8B98 [ALL] func_800F8B98: best L295 = 600
func_800F8CD4 [ALL] func_800F8CD4: best L295 = 200
func_800F8D00 [ALL] func_800F8D00: best L295 = 500
func_800F8D40 [ALL] func_800F8D40: best L295 = 200
func_800F8D6C [ALL] func_800F8D6C: best L295 = 1905
func_800F8DAC [ALL] func_800F8DAC: best PSX = 1860
func_800F8DE0 [ALL] func_800F8DE0: best L295 = 2760
func_800F8E24 [ALL] func_800F8E24: best L295 = 200
func_800F8E50 [ALL] func_800F8E50: best L295 = 500
func_800F8E90 [ALL] func_800F8E90: best L295 = 200
func_800F8EBC [ALL] func_800F8EBC: best L295 = 1905
func_800F8EFC [ALL] func_800F8EFC: best PSX = 1860
func_800F8F30 [ALL] func_800F8F30: best L295 = 2760
func_800F8F74 [ALL] func_800F8F74: best PSX = 200
func_800F8FB8 [ALL] func_800F8FB8: best MODERN = 900
func_800F8FD8 [ALL] func_800F8FD8: best PSXS = 900
func_800F8FFC [ALL] func_800F8FFC: best PSXS = 1165
func_800F902C [ALL] func_800F902C: best PSXS = 1165
func_800F905C [ALL] func_800F905C: best PSXS = 1300
func_800F9090 [ALL] func_800F9090: best PSXS = 1300
func_800F91A4 [ALL] func_800F91A4: best L295 = 4860
func_801111C4 [ALL] func_801111C4: best PSXS = 3455
func_80122844 [ALL] func_80122844: best PSX = 2905
func_801228B4 [ALL] func_801228B4: best PSX = 1705
func_80129AD4 [ALL] func_80129AD4: best PSX = 500
func_8012AAC0 [ALL] func_8012AAC0: best PSX = 2205
func_8012C2F8 [ALL] func_8012C2F8: best PSX = 2810
func_8012CEA8 [ALL] func_8012CEA8: best MODERN = 3600
func_8012D124 [ALL] func_8012D124: best MODERN = 3600
func_8012EBF8 [ALL] func_8012EBF8: best PSX = 1705
func_80132310 [ALL] func_80132310: best PSX = 3420
func_80134FBC [ALL] func_80134FBC: best PSX = 1005
func_80135298 [ALL] func_80135298: best PSX = 2205
func_80139184 [ALL] func_80139184: best PSX = 1705
func_80139A24 [ALL] func_80139A24: best PSX = 3505
func_8013B04C [ALL] func_8013B04C: best MODERN = 4005
func_8013B0C4 [ALL] func_8013B0C4: best PSXS = 2200
func_8013C50C [ALL] func_8013C50C: best PSX = 1605
func_8013CB94 [ALL] func_8013CB94: best MODERN = 2510
func_80146954 [ALL] func_80146954: best MODERN = 1300
func_8015310C [ALL] func_8015310C: best PSXS = 2165
func_801531CC [ALL] func_801531CC: best L295 = 2025
func_80153218 [ALL] func_80153218: best L295 = 2025
func_8016BF64 [ALL] func_8016BF64: best L295 = 7680
func_80179248 [ALL] func_80179248: best PSXS = 3260
func_801794A8 [ALL] func_801794A8: best PSXS = 2765
func_801798F0 [ALL] func_801798F0: best PSX = 1105
func_8017F9A8 [ALL] func_8017F9A8: best PSXS = 2100
func_80189750 [ALL] func_80189750: best PSXS = 1570
func_80189F6C [ALL] func_80189F6C: best PSX = 400
